Microchip MPLAB XC8 Compiler V3.00

Linker command line:

-W-3 \
  --edf=C:\Program Files\Microchip\xc8\v3.00\pic\dat\20241204225717_en.msgs \
  -cn -h+dist/default/production\Digital_Timer.X.production.sym \
  --cmf=dist/default/production\Digital_Timer.X.production.cmf -z -Q18F4580 \
  -oC:\Users\gopiv.VIVEK\AppData\Local\Temp\xcAshb4.\driver_tmp_3.o \
  --defsym=__MPLAB_BUILD=1 --fixupoverflow=error \
  -Mdist/default/production/Digital_Timer.X.production.map \
  --md=C:\Users\gopiv.VIVEK\AppData\Local\Temp\xcAshb4.\driver_tmp_0.dat \
  -E1 -ver=XC8 Compiler -ACODE=00h-03000h -ACONST=00h-03000h \
  -ASMALLCONST=0600h-06FFhx42,03000h-03000h -AMEDIUMCONST=0600h-03000h \
  -ACOMRAM=01h-05Fh -AABS1=00h-05FFh -ABIGRAM=01h-05FFh \
  -ARAM=060h-0FFh,0100h-01FFhx5 -ABANK0=060h-0FFh -ABANK1=0100h-01FFh \
  -ABANK2=0200h-02FFh -ABANK3=0300h-03FFh -ABANK4=0400h-04FFh \
  -ABANK5=0500h-05FFh -ASFR=0D00h-0DFFhx2,0F00h-0F5Fh,0F60h-0FFFh \
  -ABIGSFR=0D00h-0FFFh -ACONFIG=0300000h-030000Dh -AIDLOC=0200000h-0200007h \
  -AEEDATA=0F00000h-0F000FFh -peeprom_data=EEDATA \
  -preset_vec=00h,intcode=8h,intcodelo=18h,sivt_lo,sivt_hi=CODE \
  -ppowerup=CODE,init -pramtop=0600h -psmallconst=SMALLCONST \
  -pmediumconst=MEDIUMCONST -pconst=CONST -AFARRAM=00h-00h \
  -prdata=COMRAM,nvrram=COMRAM,nvbit=COMRAM,rbss=COMRAM,rbit=COMRAM \
  -pfarbss=FARRAM,fardata=FARRAM,nvFARRAM=FARRAM \
  -pintsave_regs=BIGRAM,bigbss=BIGRAM,bigdata=BIGRAM -pbss=RAM \
  -pidata=CODE,irdata=CODE,ibigdata=CODE,ifardata=CODE -prparam=COMRAM \
  C:\Users\gopiv.VIVEK\AppData\Local\Temp\xcAshb4.\driver_tmp_9.o \
  dist/default/production\Digital_Timer.X.production.o 

Object code version is 3.11

Machine type is 18F4580



                Name                               Link     Load   Length Selector   Space Scale
C:\Users\gopiv.VIVEK\AppData\Local\Temp\xcAshb4.\driver_tmp_9.o
                idloc                            200000   200000        8        0       5
                config                           300000   300000        E        0       4
                init                               2FFC     2FFC        4     17FE       0
                reset_vec                             0        0        4        0       0
dist/default/production\Digital_Timer.X.production.o
                idloc                            200000   200000        8        0       5
                config                           300000   300000        E        0       4
                mediumconst                        2F90     2F90       6C     17C8       0
                text38                              FCA      FCA       AE      7E5       0
                text37                              9BC      9BC        6      4DE       0
                text36                              A0A      A0A       12      505       0
                text35                              9C2      9C2        8      4E1       0
                text34                              9E2      9E2        C      4F1       0
                text33                              9CA      9CA        8      4E5       0
                text32                              9D2      9D2        8      4E9       0
                text31                              9DA      9DA        8      4ED       0
                text30                              9EE      9EE        C      4F7       0
                text29                              A9C      A9C       2A      54E       0
                text28                             1820     1820      1A2      C10       0
                text27                              AF0      AF0       3A      578       0
                text26                              CD8      CD8       6C      66C       0
                text25                              A7C      A7C       20      53E       0
                text24                              BB2      BB2       60      5D9       0
                text23                              AC6      AC6       2A      563       0
                text22                              D44      D44       6C      6A2       0
                text21                              EA6      EA6       7E      753       0
                text20                              F24      F24       A6      792       0
                text19                              A5E      A5E       1E      52F       0
                text18                              B6A      B6A       48      5B5       0
                text17                              A30      A30       16      518       0
                text16                              9FA      9FA       10      4FD       0
                text15                              A1C      A1C       14      50E       0
                text14                              A46      A46       18      523       0
                text13                             130A     130A      12C      985       0
                text12                             1202     1202      108      901       0
                text11                              E2A      E2A       7C      715       0
                text10                             1078     1078       C2      83C       0
                text9                              2320     2320      58A     1190       0
                text8                               B2A      B2A       40      595       0
                text7                               DB0      DB0       7A      6D8       0
                text6                              113A     113A       C8      89D       0
                text5                              1DD2     1DD2      54E      EE9       0
                text4                              28AA     28AA      6E6     1455       0
                text3                              1436     1436      12C      A1B       0
                text2                              1562     1562      12C      AB1       0
                text1                              168E     168E      192      B47       0
                text0                              19C2     19C2      410      CE1       0
                cstackCOMRAM                         31       31       2B        1       1
                dataBANK0                            60       60       66       60       1
                bssBANK0                             C6       C6        B       60       1
                dataCOMRAM                           5C       5C        3        1       1
                bssCOMRAM                             1        1       30        1       1
                cinit                               C12      C12       60      609       0
                idataBANK0                          C72      C72       66      C72       0
                idataCOMRAM                         9B9      9B9        3      9B9       0

TOTAL           Name                               Link     Load   Length     Space
        CLASS   CODE           
                init                               2FFC     2FFC        4         0
                reset_vec                             0        0        4         0
                text38                              FCA      FCA       AE         0
                text37                              9BC      9BC        6         0
                text36                              A0A      A0A       12         0
                text35                              9C2      9C2        8         0
                text34                              9E2      9E2        C         0
                text33                              9CA      9CA        8         0
                text32                              9D2      9D2        8         0
                text31                              9DA      9DA        8         0
                text30                              9EE      9EE        C         0
                text29                              A9C      A9C       2A         0
                text28                             1820     1820      1A2         0
                text27                              AF0      AF0       3A         0
                text26                              CD8      CD8       6C         0
                text25                              A7C      A7C       20         0
                text24                              BB2      BB2       60         0
                text23                              AC6      AC6       2A         0
                text22                              D44      D44       6C         0
                text21                              EA6      EA6       7E         0
                text20                              F24      F24       A6         0
                text19                              A5E      A5E       1E         0
                text18                              B6A      B6A       48         0
                text17                              A30      A30       16         0
                text16                              9FA      9FA       10         0
                text15                              A1C      A1C       14         0
                text14                              A46      A46       18         0
                text13                             130A     130A      12C         0
                text12                             1202     1202      108         0
                text11                              E2A      E2A       7C         0
                text10                             1078     1078       C2         0
                text9                              2320     2320      58A         0
                text8                               B2A      B2A       40         0
                text7                               DB0      DB0       7A         0
                text6                              113A     113A       C8         0
                text5                              1DD2     1DD2      54E         0
                text4                              28AA     28AA      6E6         0
                text3                              1436     1436      12C         0
                text2                              1562     1562      12C         0
                text1                              168E     168E      192         0
                text0                              19C2     19C2      410         0
                cinit                               C12      C12       60         0
                idataBANK0                          C72      C72       66         0
                idataCOMRAM                         9B9      9B9        3         0

        CLASS   CONST          

        CLASS   SMALLCONST     

        CLASS   MEDIUMCONST    
                mediumconst                        2F90     2F90       6C         0

        CLASS   COMRAM         
                cstackCOMRAM                         31       31       2B         1
                dataCOMRAM                           5C       5C        3         1
                bssCOMRAM                             1        1       30         1

        CLASS   ABS1           

        CLASS   BIGRAM         

        CLASS   RAM            

        CLASS   BANK0          
                dataBANK0                            60       60       66         1
                bssBANK0                             C6       C6        B         1

        CLASS   BANK1          

        CLASS   BANK2          

        CLASS   BANK3          

        CLASS   BANK4          

        CLASS   BANK5          

        CLASS   SFR            

        CLASS   BIGSFR         

        CLASS   CONFIG         
                config                           300000   300000        E         4

        CLASS   IDLOC          
                idloc                            200000   200000        8         5

        CLASS   EEDATA         

        CLASS   FARRAM         

        CLASS   HEAP           

        CLASS   STACK          



SEGMENTS        Name                           Load    Length   Top    Selector   Space  Class

                reset_vec                      000000  000004  000004         0       0  CODE    
                bssCOMRAM                      000001  00005E  00005F         1       1  COMRAM  
                dataBANK0                      000060  000071  0000D1        60       1  BANK0   
                idataCOMRAM                    0009B9  000003  0009BC       9B9       0  CODE    
                text37                         0009BC  000006  0009C2       4DE       0  CODE    
                text35                         0009C2  000008  0009CA       4E1       0  CODE    
                text33                         0009CA  000008  0009D2       4E5       0  CODE    
                text32                         0009D2  000008  0009DA       4E9       0  CODE    
                text31                         0009DA  000008  0009E2       4ED       0  CODE    
                text34                         0009E2  00000C  0009EE       4F1       0  CODE    
                text30                         0009EE  00000C  0009FA       4F7       0  CODE    
                text16                         0009FA  000010  000A0A       4FD       0  CODE    
                text36                         000A0A  000012  000A1C       505       0  CODE    
                text15                         000A1C  000014  000A30       50E       0  CODE    
                text17                         000A30  000016  000A46       518       0  CODE    
                text14                         000A46  000018  000A5E       523       0  CODE    
                text19                         000A5E  00001E  000A7C       52F       0  CODE    
                text25                         000A7C  000020  000A9C       53E       0  CODE    
                text29                         000A9C  00002A  000AC6       54E       0  CODE    
                text23                         000AC6  00002A  000AF0       563       0  CODE    
                text27                         000AF0  00003A  000B2A       578       0  CODE    
                text8                          000B2A  000040  000B6A       595       0  CODE    
                text18                         000B6A  000048  000BB2       5B5       0  CODE    
                text24                         000BB2  000060  000C12       5D9       0  CODE    
                cinit                          000C12  000060  000C72       609       0  CODE    
                idataBANK0                     000C72  000066  000CD8       C72       0  CODE    
                text26                         000CD8  00006C  000D44       66C       0  CODE    
                text22                         000D44  00006C  000DB0       6A2       0  CODE    
                text7                          000DB0  00007A  000E2A       6D8       0  CODE    
                text11                         000E2A  00007C  000EA6       715       0  CODE    
                text21                         000EA6  00007E  000F24       753       0  CODE    
                text20                         000F24  0000A6  000FCA       792       0  CODE    
                text38                         000FCA  0000AE  001078       7E5       0  CODE    
                text10                         001078  0000C2  00113A       83C       0  CODE    
                text6                          00113A  0000C8  001202       89D       0  CODE    
                text12                         001202  000108  00130A       901       0  CODE    
                text13                         00130A  00012C  001436       985       0  CODE    
                text3                          001436  00012C  001562       A1B       0  CODE    
                text2                          001562  00012C  00168E       AB1       0  CODE    
                text1                          00168E  000192  001820       B47       0  CODE    
                text28                         001820  0001A2  0019C2       C10       0  CODE    
                text0                          0019C2  000410  001DD2       CE1       0  CODE    
                text5                          001DD2  00054E  002320       EE9       0  CODE    
                text9                          002320  00058A  0028AA      1190       0  CODE    
                text4                          0028AA  0006E6  002F90      1455       0  CODE    
                mediumconst                    002F90  00006C  002FFC      17C8       0  MEDIUMCO
                init                           002FFC  000004  003000      17FE       0  CODE    


UNUSED ADDRESS RANGES

        Name                Unused          Largest block    Delta
        BANK0            0000D1-0000FF               2F
        BANK1            000100-0001FF              100
        BANK2            000200-0002FF              100
        BANK3            000300-0003FF              100
        BANK4            000400-0004FF              100
        BANK5            000500-0005FF              100
        BIGRAM           00005F-00005F                1
                         0000D1-0005FF              52F
        BIGSFR           000D00-000FFF              300
        CODE             000004-0009B8              9B5
                         003000-003000                1
        COMRAM           00005F-00005F                1
        CONST            000004-0009B8              9B5
                         003000-003000                1
        EEDATA           F00000-F000FF              100
        MEDIUMCONST      000600-0009B8              3B9
                         003000-003000                1
        RAM              0000D1-0005FF              100
        SFR              000D00-000FFF              100
        SMALLCONST       000600-0009B8              100
                         003000-003000                1

                                  Symbol Table

?___awdiv                         cstackCOMRAM 000031
?___awmod                         cstackCOMRAM 000031
_ACKDT                            (abs)        007E2D
_ACKEN                            (abs)        007E2C
_ACKSTAT                          (abs)        007E2E
_BCLIF                            (abs)        007D0B
_CKE                              (abs)        007E3E
_PEN                              (abs)        007E2A
_PORTD                            (abs)        000F83
_RB0                              (abs)        007C08
_RB1                              (abs)        007C09
_RB2                              (abs)        007C0A
_RB3                              (abs)        007C0B
_RB4                              (abs)        007C0C
_RB5                              (abs)        007C0D
_RB6                              (abs)        007C0E
_RB7                              (abs)        007C0F
_RBPU                             (abs)        007F8F
_RC0                              (abs)        007C10
_RC1                              (abs)        007C11
_RC2                              (abs)        007C12
_RCEN                             (abs)        007E2B
_RD7                              (abs)        007C1F
_RSEN                             (abs)        007E29
_SEN                              (abs)        007E28
_SMP                              (abs)        007E3F
_SSPADD                           (abs)        000FC8
_SSPBUF                           (abs)        000FC9
_SSPCON1                          (abs)        000FC6
_SSPIF                            (abs)        007CF3
_TRISB                            (abs)        000F93
_TRISC                            (abs)        000F94
_TRISC3                           (abs)        007CA3
_TRISC4                           (abs)        007CA4
_TRISD                            (abs)        000F95
_TRISD7                           (abs)        007CAF
__HRAM                            (abs)        000000
__H__absolute__                   __absolute__ 000000
__Habs1                           abs1         000000
__Hbank0                          bank0        000000
__Hbank1                          bank1        000000
__Hbank2                          bank2        000000
__Hbank3                          bank3        000000
__Hbank4                          bank4        000000
__Hbank5                          bank5        000000
__Hbigbss                         bigbss       000000
__Hbigdata                        bigdata      000000
__Hbigram                         bigram       000000
__Hbigsfr                         bigsfr       000000
__Hbss                            bss          000000
__HbssBANK0                       bssBANK0     000000
__HbssCOMRAM                      bssCOMRAM    000000
__Hcinit                          cinit        000000
__Hclrtext                        clrtext      000000
__Hcomram                         comram       000000
__Hconfig                         config       30000E
__Hconst                          const        000000
__HcstackCOMRAM                   cstackCOMRAM 000000
__Hdata                           data         000000
__HdataBANK0                      dataBANK0    000000
__HdataCOMRAM                     dataCOMRAM   000000
__Heeprom_data                    eeprom_data  000000
__Hfarbss                         farbss       000000
__Hfardata                        fardata      000000
__Hheap                           heap         000000
__Hibigdata                       ibigdata     000000
__Hidata                          idata        000000
__HidataBANK0                     idataBANK0   000000
__HidataCOMRAM                    idataCOMRAM  000000
__Hidloc                          idloc        200008
__Hifardata                       ifardata     000000
__Hinit                           init         003000
__Hintcode                        intcode      000008
__Hintcode_body                   intcode_body 000000
__Hintcodelo                      intcodelo    000018
__Hintentry                       intentry     000000
__Hintret                         intret       000000
__Hintsave_regs                   intsave_regs 000000
__Hirdata                         irdata       000000
__Hmediumconst                    mediumconst  002FFC
__HnvFARRAM                       nvFARRAM     000000
__Hnvbit                          nvbit        000000
__Hnvrram                         nvrram       000000
__Hparam                          rparam       000000
__Hpowerup                        powerup      000000
__Hram                            ram          000000
__Hramtop                         ramtop       000600
__Hrbit                           rbit         000000
__Hrbss                           rbss         000000
__Hrdata                          rdata        000000
__Hreset_vec                      reset_vec    000004
__Hrparam                         rparam       000000
__Hsfr                            sfr          000000
__Hsivt_hi                        sivt_hi      000000
__Hsivt_lo                        sivt_lo      000018
__Hsmallconst                     smallconst   000000
__Hspace_0                        (abs)        003000
__Hspace_1                        (abs)        0000D1
__Hspace_2                        (abs)        000000
__Hspace_4                        (abs)        60000E
__Hstack                          stack        000000
__Hstruct                         struct       000000
__Htemp                           temp         000000
__Htext                           text         000000
__Htext0                          text0        000000
__Htext1                          text1        000000
__Htext10                         text10       000000
__Htext11                         text11       000000
__Htext12                         text12       000000
__Htext13                         text13       000000
__Htext14                         text14       000000
__Htext15                         text15       000000
__Htext16                         text16       000000
__Htext17                         text17       000000
__Htext18                         text18       000000
__Htext19                         text19       000000
__Htext2                          text2        000000
__Htext20                         text20       000000
__Htext21                         text21       000000
__Htext22                         text22       000000
__Htext23                         text23       000000
__Htext24                         text24       000000
__Htext25                         text25       000000
__Htext26                         text26       000000
__Htext27                         text27       000000
__Htext28                         text28       000000
__Htext29                         text29       000000
__Htext3                          text3        000000
__Htext30                         text30       000000
__Htext31                         text31       000000
__Htext32                         text32       000000
__Htext33                         text33       000000
__Htext34                         text34       000000
__Htext35                         text35       000000
__Htext36                         text36       000000
__Htext37                         text37       000000
__Htext38                         text38       000000
__Htext4                          text4        000000
__Htext5                          text5        000000
__Htext6                          text6        000000
__Htext7                          text7        000000
__Htext8                          text8        000000
__Htext9                          text9        000000
__LRAM                            (abs)        000001
__L__absolute__                   __absolute__ 000000
__Labs1                           abs1         000000
__Lbank0                          bank0        000000
__Lbank1                          bank1        000000
__Lbank2                          bank2        000000
__Lbank3                          bank3        000000
__Lbank4                          bank4        000000
__Lbank5                          bank5        000000
__Lbigbss                         bigbss       000000
__Lbigdata                        bigdata      000000
__Lbigram                         bigram       000000
__Lbigsfr                         bigsfr       000000
__Lbss                            bss          000000
__LbssBANK0                       bssBANK0     000000
__LbssCOMRAM                      bssCOMRAM    000000
__Lcinit                          cinit        000000
__Lclrtext                        clrtext      000000
__Lcomram                         comram       000000
__Lconfig                         config       000000
__Lconst                          const        000000
__LcstackCOMRAM                   cstackCOMRAM 000000
__Ldata                           data         000000
__LdataBANK0                      dataBANK0    000000
__LdataCOMRAM                     dataCOMRAM   000000
__Leeprom_data                    eeprom_data  000000
__Lfarbss                         farbss       000000
__Lfardata                        fardata      000000
__Lheap                           heap         000000
__Libigdata                       ibigdata     000000
__Lidata                          idata        000000
__LidataBANK0                     idataBANK0   000000
__LidataCOMRAM                    idataCOMRAM  000000
__Lidloc                          idloc        000000
__Lifardata                       ifardata     000000
__Linit                           init         002FFC
__Lintcode                        intcode      000008
__Lintcode_body                   intcode_body 000000
__Lintcodelo                      intcodelo    000018
__Lintentry                       intentry     000000
__Lintret                         intret       000000
__Lintsave_regs                   intsave_regs 000000
__Lirdata                         irdata       000000
__Lmediumconst                    mediumconst  002F90
__LnvFARRAM                       nvFARRAM     000000
__Lnvbit                          nvbit        000000
__Lnvrram                         nvrram       000000
__Lparam                          rparam       000000
__Lpowerup                        powerup      000000
__Lram                            ram          000000
__Lramtop                         ramtop       000600
__Lrbit                           rbit         000000
__Lrbss                           rbss         000000
__Lrdata                          rdata        000000
__Lreset_vec                      reset_vec    000000
__Lrparam                         rparam       000000
__Lsfr                            sfr          000000
__Lsivt_hi                        sivt_hi      000000
__Lsivt_lo                        sivt_lo      000018
__Lsmallconst                     smallconst   000000
__Lspace_0                        (abs)        000000
__Lspace_1                        (abs)        000000
__Lspace_2                        (abs)        000000
__Lspace_4                        (abs)        000000
__Lstack                          stack        000000
__Lstruct                         struct       000000
__Ltemp                           temp         000000
__Ltext                           text         000000
__Ltext0                          text0        000000
__Ltext1                          text1        000000
__Ltext10                         text10       000000
__Ltext11                         text11       000000
__Ltext12                         text12       000000
__Ltext13                         text13       000000
__Ltext14                         text14       000000
__Ltext15                         text15       000000
__Ltext16                         text16       000000
__Ltext17                         text17       000000
__Ltext18                         text18       000000
__Ltext19                         text19       000000
__Ltext2                          text2        000000
__Ltext20                         text20       000000
__Ltext21                         text21       000000
__Ltext22                         text22       000000
__Ltext23                         text23       000000
__Ltext24                         text24       000000
__Ltext25                         text25       000000
__Ltext26                         text26       000000
__Ltext27                         text27       000000
__Ltext28                         text28       000000
__Ltext29                         text29       000000
__Ltext3                          text3        000000
__Ltext30                         text30       000000
__Ltext31                         text31       000000
__Ltext32                         text32       000000
__Ltext33                         text33       000000
__Ltext34                         text34       000000
__Ltext35                         text35       000000
__Ltext36                         text36       000000
__Ltext37                         text37       000000
__Ltext38                         text38       000000
__Ltext4                          text4        000000
__Ltext5                          text5        000000
__Ltext6                          text6        000000
__Ltext7                          text7        000000
__Ltext8                          text8        000000
__Ltext9                          text9        000000
__S0                              (abs)        003000
__S1                              (abs)        0000D1
__S4                              (abs)        000000
__S5                              (abs)        000000
___awdiv                          text10       001078
___awdiv@counter                  cstackCOMRAM 000035
___awdiv@dividend                 cstackCOMRAM 000031
___awdiv@divisor                  cstackCOMRAM 000033
___awdiv@quotient                 cstackCOMRAM 000037
___awdiv@sign                     cstackCOMRAM 000036
___awmod                          text38       000FCA
___awmod@counter                  cstackCOMRAM 000035
___awmod@dividend                 cstackCOMRAM 000031
___awmod@divisor                  cstackCOMRAM 000033
___awmod@sign                     cstackCOMRAM 000036
___heap_hi                        (abs)        000000
___heap_lo                        (abs)        000000
___inthi_sp                       stack        000000
___inthi_stack_hi                 stack        000000
___inthi_stack_lo                 stack        000000
___intlo_sp                       stack        000000
___intlo_stack_hi                 stack        000000
___intlo_stack_lo                 stack        000000
___param_bank                     (abs)        000000
___rparam_used                    (abs)        000001
___sp                             stack        000000
___stack_hi                       stack        000000
___stack_lo                       stack        000000
__accesstop                       (abs)        000060
__activetblptr                    (abs)        000002
__end_of___awdiv                  text10       00113A
__end_of___awmod                  text38       001078
__end_of__initialization          cinit        000C68
__end_of_clcd_print               text26       000D44
__end_of_clcd_putch               text14       000A5E
__end_of_clcd_write               text27       000B2A
__end_of_default_screen           text28       0019C2
__end_of_display_date             text25       000A9C
__end_of_display_time             text24       000C12
__end_of_get_date                 text22       000DB0
__end_of_get_time                 text21       000F24
__end_of_i2c_idle                 text36       000A1C
__end_of_i2c_no_ack               text37       0009C2
__end_of_i2c_read                 text34       0009EE
__end_of_i2c_rep_start            text33       0009D2
__end_of_i2c_rx_mode              text35       0009CA
__end_of_i2c_start                text32       0009DA
__end_of_i2c_stop                 text31       0009E2
__end_of_i2c_write                text30       0009FA
__end_of_init_clcd                text20       000FCA
__end_of_init_config              text15       000A30
__end_of_init_ds1307              text18       000BB2
__end_of_init_i2c                 text17       000A46
__end_of_init_mkp                 text16       000A0A
__end_of_main                     text0        001DD2
__end_of_menu                     text13       001436
__end_of_read_ds1307              text23       000AF0
__end_of_read_eeprom              text29       000AC6
__end_of_read_matrix_keypad       text11       000EA6
__end_of_scan_key                 text12       00130A
__end_of_set_date                 text9        0028AA
__end_of_set_event                text5        002320
__end_of_set_time                 text4        002F90
__end_of_set_time_date            text3        001562
__end_of_set_view_event           text2        00168E
__end_of_shift_eeprom             text7        000E2A
__end_of_store_external_eeprom    text6        001202
__end_of_view_event               text1        001820
__end_of_write_ds1307             text19       000A7C
__end_of_write_eeprom             text8        000B6A
__initialization                  cinit        000C12
__mediumconst                     mediumconst  002F90
__pbssBANK0                       bssBANK0     0000C6
__pbssCOMRAM                      bssCOMRAM    000001
__pcinit                          cinit        000C12
__pcstackCOMRAM                   cstackCOMRAM 000031
__pdataBANK0                      dataBANK0    000060
__pdataCOMRAM                     dataCOMRAM   00005C
__pidataBANK0                     idataBANK0   000C72
__pidataCOMRAM                    idataCOMRAM  0009B9
__pmediumconst                    mediumconst  002F90
__ptext0                          text0        0019C2
__ptext1                          text1        00168E
__ptext10                         text10       001078
__ptext11                         text11       000E2A
__ptext12                         text12       001202
__ptext13                         text13       00130A
__ptext14                         text14       000A46
__ptext15                         text15       000A1C
__ptext16                         text16       0009FA
__ptext17                         text17       000A30
__ptext18                         text18       000B6A
__ptext19                         text19       000A5E
__ptext2                          text2        001562
__ptext20                         text20       000F24
__ptext21                         text21       000EA6
__ptext22                         text22       000D44
__ptext23                         text23       000AC6
__ptext24                         text24       000BB2
__ptext25                         text25       000A7C
__ptext26                         text26       000CD8
__ptext27                         text27       000AF0
__ptext28                         text28       001820
__ptext29                         text29       000A9C
__ptext3                          text3        001436
__ptext30                         text30       0009EE
__ptext31                         text31       0009DA
__ptext32                         text32       0009D2
__ptext33                         text33       0009CA
__ptext34                         text34       0009E2
__ptext35                         text35       0009C2
__ptext36                         text36       000A0A
__ptext37                         text37       0009BC
__ptext38                         text38       000FCA
__ptext4                          text4        0028AA
__ptext5                          text5        001DD2
__ptext6                          text6        00113A
__ptext7                          text7        000DB0
__ptext8                          text8        000B2A
__ptext9                          text9        002320
__ramtop                          ramtop       000600
__smallconst                      mediumconst  002F90
_address                          bssCOMRAM    000011
_aflag                            bssCOMRAM    000021
_am_pm_flag                       bssCOMRAM    00001A
_calender_reg                     bssCOMRAM    000005
_clcd_print                       text26       000CD8
_clcd_putch                       text14       000A46
_clcd_write                       text27       000AF0
_clock_reg                        bssCOMRAM    000009
_count                            bssCOMRAM    00000E
_current_ap                       bssCOMRAM    000025
_current_state                    dataCOMRAM   00005E
_date                             bssBANK0     0000C6
_day                              bssCOMRAM    000019
_dd                               bssCOMRAM    00001D
_default_screen                   text28       001820
_default_screen$501               cstackCOMRAM 00003A
_delay                            bssCOMRAM    000001
_display_date                     text25       000A7C
_display_time                     text24       000BB2
_display_time$225                 cstackCOMRAM 000036
_e_ap                             bssCOMRAM    000022
_e_hr                             bssCOMRAM    000024
_e_min                            bssCOMRAM    000023
_field                            bssCOMRAM    000015
_flag                             bssCOMRAM    000016
_get_date                         text22       000D44
_get_time                         text21       000EA6
_hour                             bssCOMRAM    000027
_i                                bssCOMRAM    00000C
_i2c_idle                         text36       000A0A
_i2c_no_ack                       text37       0009BC
_i2c_read                         text34       0009E2
_i2c_rep_start                    text33       0009CA
_i2c_rx_mode                      text35       0009C2
_i2c_start                        text32       0009D2
_i2c_stop                         text31       0009DA
_i2c_write                        text30       0009EE
_index                            bssCOMRAM    000014
_init_clcd                        text20       000F24
_init_config                      text15       000A1C
_init_ds1307                      text18       000B6A
_init_i2c                         text17       000A30
_init_mkp                         text16       0009FA
_main                             text0        0019C2
_main$208                         cstackCOMRAM 000054
_main$215                         cstackCOMRAM 000056
_menu                             text13       00130A
_min                              bssCOMRAM    000026
_mm                               bssCOMRAM    00001C
_read_ds1307                      text23       000AC6
_read_eeprom                      text29       000A9C
_read_matrix_keypad               text11       000E2A
_scan_key                         text12       001202
_sec                              bssCOMRAM    00001E
_set_date                         text9        002320
_set_event                        text5        001DD2
_set_time                         text4        0028AA
_set_time_date                    text3        001436
_set_view_event                   text2        001562
_shift_eeprom                     text7        000DB0
_status                           dataBANK0    0000C0
_store_external_eeprom            text6        00113A
_time                             bssCOMRAM    000028
_view_event                       text1        00168E
_write_ds1307                     text19       000A5E
_write_eeprom                     text8        000B2A
_yy                               bssCOMRAM    00001B
clcd_print@addr                   cstackCOMRAM 000035
clcd_print@data                   cstackCOMRAM 000033
clcd_putch@addr                   cstackCOMRAM 000039
clcd_putch@data                   cstackCOMRAM 00003A
clcd_write@byte                   cstackCOMRAM 000032
clcd_write@control_bit            cstackCOMRAM 000031
default_screen@current_ap         cstackCOMRAM 00003C
default_screen@e_ap               cstackCOMRAM 00003F
default_screen@e_hr               cstackCOMRAM 00003D
default_screen@e_min              cstackCOMRAM 00003E
end_of_initialization             cinit        000C68
i2c_write@data                    cstackCOMRAM 000031
init_ds1307@dummy                 cstackCOMRAM 000034
intlevel0                         text         000000
intlevel1                         text         000000
intlevel2                         text         000000
intlevel3                         text         000000
isa$std                           (abs)        000001
isa$xinst                         (abs)        000000
main@default_scr                  cstackCOMRAM 000059
main@key                          cstackCOMRAM 00005B
main@sec                          cstackCOMRAM 000058
menu@key                          cstackCOMRAM 00003B
menu@menu                         dataBANK0    0000A0
menu@s_flag                       bssCOMRAM    00001F
read_ds1307@address               cstackCOMRAM 000032
read_ds1307@data                  cstackCOMRAM 000033
read_eeprom@address               cstackCOMRAM 000032
read_eeprom@data                  cstackCOMRAM 000033
read_matrix_keypad@detection_type cstackCOMRAM 000031
read_matrix_keypad@key            cstackCOMRAM 000032
read_matrix_keypad@once           dataCOMRAM   00005C
set_date@key                      cstackCOMRAM 00003F
set_event@ampm                    cstackCOMRAM 00004A
set_event@e_ap                    cstackCOMRAM 00004D
set_event@e_hr                    cstackCOMRAM 00004B
set_event@e_min                   cstackCOMRAM 00004C
set_event@flag                    cstackCOMRAM 00004E
set_event@i                       cstackCOMRAM 000051
set_event@key                     cstackCOMRAM 000050
set_time@ampm                     cstackCOMRAM 00003F
set_time@key                      cstackCOMRAM 000040
set_time_date@key                 cstackCOMRAM 00003B
set_time_date@s_flag              bssCOMRAM    000017
set_time_date@sub_menu            dataBANK0    000080
set_view_event@key                cstackCOMRAM 00003B
set_view_event@s_flag             bssCOMRAM    000012
set_view_event@sub_menu           dataBANK0    000060
shift_eeprom@data                 cstackCOMRAM 000039
shift_eeprom@i                    cstackCOMRAM 00003A
shift_eeprom@j                    cstackCOMRAM 00003C
shift_eeprom@pos                  cstackCOMRAM 000036
stackhi                           (abs)        000000
stacklo                           (abs)        000000
start                             init         002FFC
start_initialization              cinit        000C12
store_external_eeprom@arr         cstackCOMRAM 00003D
store_external_eeprom@hour        cstackCOMRAM 000043
store_external_eeprom@i           cstackCOMRAM 000044
store_external_eeprom@min         cstackCOMRAM 000039
store_external_eeprom@position    cstackCOMRAM 00003B
store_external_eeprom@status      cstackCOMRAM 00003A
view_event@index                  bssCOMRAM    000010
view_event@key                    cstackCOMRAM 000040
write_ds1307@address              cstackCOMRAM 000033
write_ds1307@data                 cstackCOMRAM 000032
write_eeprom@address              cstackCOMRAM 000035
write_eeprom@data                 cstackCOMRAM 000032
write_eeprom@i                    cstackCOMRAM 000033


MODULE INFORMATION

Module		Function		Class		Link	Load	Size
i2c.c
		_i2c_start     		CODE           	09D2	0000	8
		_i2c_no_ack    		CODE           	09BC	0000	6
		_i2c_rep_start 		CODE           	09CA	0000	8
		_i2c_idle      		CODE           	0A0A	0000	18
		_i2c_write     		CODE           	09EE	0000	12
		_i2c_stop      		CODE           	09DA	0000	8
		_i2c_read      		CODE           	09E2	0000	12
		_init_i2c      		CODE           	0A30	0000	22
		_i2c_rx_mode   		CODE           	09C2	0000	8

i2c.c estimated size: 102

set_event.c
		_shift_eeprom  		CODE           	0DB0	0000	122
		_set_event     		CODE           	1DD2	0000	1358
		_store_external_eeprom		CODE           	113A	0000	200

set_event.c estimated size: 1680

set_time_date.c
		_set_time_date 		CODE           	1436	0000	300

set_time_date.c estimated size: 300

ds1307.c
		_read_ds1307   		CODE           	0AC6	0000	42
		_write_ds1307  		CODE           	0A5E	0000	30
		_init_ds1307   		CODE           	0B6A	0000	72

ds1307.c estimated size: 144

set_view_event.c
		_set_view_event		CODE           	1562	0000	300

set_view_event.c estimated size: 300

set_date.c
		_set_date      		CODE           	2320	0000	1418

set_date.c estimated size: 1418

C:\Program Files\Microchip\xc8\v3.00\pic\sources\c99\common\awmod.c
		___awmod       		CODE           	0FCA	0000	174

C:\Program Files\Microchip\xc8\v3.00\pic\sources\c99\common\awmod.c estimated size: 174

mkp.c
		_read_matrix_keypad		CODE           	0E2A	0000	124
		_init_mkp      		CODE           	09FA	0000	16
		_scan_key      		CODE           	1202	0000	264

mkp.c estimated size: 404

view_event.c
		_view_event    		CODE           	168E	0000	402

view_event.c estimated size: 402

shared
		__initialization		CODE           	0C12	0000	86

shared estimated size: 86

clcd.c
		_clcd_write    		CODE           	0AF0	0000	58
		_clcd_print    		CODE           	0CD8	0000	108
		_clcd_putch    		CODE           	0A46	0000	24
		_init_clcd     		CODE           	0F24	0000	166

clcd.c estimated size: 356

e_eprom.c
		_read_eeprom   		CODE           	0A9C	0000	42
		_write_eeprom  		CODE           	0B2A	0000	64

e_eprom.c estimated size: 106

default_screen.c
		_default_screen		CODE           	1820	0000	418

default_screen.c estimated size: 418

menu.c
		_menu          		CODE           	130A	0000	300

menu.c estimated size: 300

set_time.c
		_set_time      		CODE           	28AA	0000	1766

set_time.c estimated size: 1766

C:\Program Files\Microchip\xc8\v3.00\pic\sources\c99\common\awdiv.c
		___awdiv       		CODE           	1078	0000	194

C:\Program Files\Microchip\xc8\v3.00\pic\sources\c99\common\awdiv.c estimated size: 194

main.c
		_display_date  		CODE           	0A7C	0000	32
		_display_time  		CODE           	0BB2	0000	96
		_main          		CODE           	19C2	0000	1040
		_get_time      		CODE           	0EA6	0000	126
		_init_config   		CODE           	0A1C	0000	20
		_get_date      		CODE           	0D44	0000	108

main.c estimated size: 1422

